###############################################################################
#
# IAR ELF Linker V9.32.1.338/W64 for ARM                  23/Dec/2022  21:59:46
# Copyright 2007-2022 IAR Systems AB.
#
#    Output file  =
#        C:\Users\jongh\Documents\repo\iar_workspace\Debug\Exe\iar_workspace.out
#    Map file     =
#        C:\Users\jongh\Documents\repo\iar_workspace\Debug\List\iar_workspace.map
#    Command line =
#        -f
#        C:\Users\jongh\Documents\repo\iar_workspace\Debug\Exe\iar_workspace.out.rsp
#        (C:\Users\jongh\Documents\repo\iar_workspace\Debug\Obj\GUI\GLCD.o
#        C:\Users\jongh\Documents\repo\iar_workspace\Debug\Obj\GUI\GuiObject.o
#        C:\Users\jongh\Documents\repo\iar_workspace\Debug\Obj\GUI\Gulim10_8x16_ASCII.o
#        C:\Users\jongh\Documents\repo\iar_workspace\Debug\Obj\GUI\Gulim20_16x34_ASCII.o
#        C:\Users\jongh\Documents\repo\iar_workspace\Debug\Obj\GUI\Gulim28_24x48_ASCII.o
#        C:\Users\jongh\Documents\repo\iar_workspace\Debug\Obj\GUI\Gulim7_6x10_ASCII.o
#        C:\Users\jongh\Documents\repo\iar_workspace\Debug\Obj\GUI\Gulim8_8x12_ASCII.o
#        C:\Users\jongh\Documents\repo\iar_workspace\Debug\Obj\GUI\ILI9163B.o
#        C:\Users\jongh\Documents\repo\iar_workspace\Debug\Obj\User\main.o
#        C:\Users\jongh\Documents\repo\iar_workspace\Debug\Obj\EWARM\startup_stm32f40_41xxx.o
#        C:\Users\jongh\Documents\repo\iar_workspace\Debug\Obj\STM32F4xx_StdPeriph_Driver\stm32f4xx_fsmc.o
#        C:\Users\jongh\Documents\repo\iar_workspace\Debug\Obj\STM32F4xx_StdPeriph_Driver\stm32f4xx_gpio.o
#        C:\Users\jongh\Documents\repo\iar_workspace\Debug\Obj\STM32F4xx_StdPeriph_Driver\stm32f4xx_rcc.o
#        C:\Users\jongh\Documents\repo\iar_workspace\Debug\Obj\CMSIS\system_stm32f4xx.o
#        C:\Users\jongh\Documents\repo\iar_workspace\Debug\Obj\User\Util.o
#        --no_out_extension -o
#        C:\Users\jongh\Documents\repo\iar_workspace\Debug\Exe\iar_workspace.out
#        --map
#        C:\Users\jongh\Documents\repo\iar_workspace\Debug\List\iar_workspace.map
#        --config
#        C:\Users\jongh\Documents\repo\iar_workspace\Libraries\stm32f4xx_flash.icf
#        --semihosting --entry __iar_program_start --vfe --text_out locale
#        --cpu=Cortex-M4 --fpu=VFPv4_sp)
#
###############################################################################

*******************************************************************************
*** RUNTIME MODEL ATTRIBUTES
***

CppFlavor       = *
__CPP_Runtime   = 1
__SystemLibrary = DLib
__dlib_version  = 6


*******************************************************************************
*** HEAP SELECTION
***

The basic heap was selected because --advanced_heap
was not specified and the application did not appear to
be primarily optimized for speed.


*******************************************************************************
*** PLACEMENT SUMMARY
***

"A0":  place at address 0x800'0000 { ro section .intvec };
"P1":  place in [from 0x800'0000 to 0x81f'ffff] { ro };
define block CSTACK with size = 1K, alignment = 8 { };
define block HEAP with size = 512, alignment = 8 { };
"P2":  place in [from 0x2000'0000 to 0x2002'ffff] {
          rw, block CSTACK, block HEAP };
initialize by copy { rw };

  Section            Kind         Address    Size  Object
  -------            ----         -------    ----  ------
"A0":                                       0x188
  .intvec            ro code   0x800'0000   0x188  startup_stm32f40_41xxx.o [2]
                             - 0x800'0188   0x188

"P1":                                      0x1994
  .text              ro code   0x800'0188   0x6f0  main.o [5]
  .text              ro code   0x800'0878   0x276  GLCD.o [3]
  .text              ro code   0x800'0aee    0x3a  packbits_init_single.o [8]
  .text              ro code   0x800'0b28   0x480  ILI9163B.o [3]
  .text              ro code   0x800'0fa8    0x40  stm32f4xx_rcc.o [4]
  .text              ro code   0x800'0fe8    0xe0  stm32f4xx_gpio.o [4]
  .text              ro code   0x800'10c8   0x144  stm32f4xx_fsmc.o [4]
  .text              ro code   0x800'120c    0x3c  Util.o [5]
  .rodata            const     0x800'1248   0x500  Gulim7_6x10_ASCII.o [3]
  .text              ro code   0x800'1748   0x124  system_stm32f4xx.o [1]
  .text              ro code   0x800'186c    0x28  data_init.o [8]
  .text              ro code   0x800'1894    0x22  fpinit_M.o [7]
  .iar.init_table    const     0x800'18b8    0x10  - Linker created -
  .text              ro code   0x800'18c8    0x1e  cmain.o [8]
  .text              ro code   0x800'18e6     0x4  low_level_init.o [6]
  .text              ro code   0x800'18ea     0x4  exit.o [6]
  .text              ro code   0x800'18f0     0xa  cexit.o [8]
  .text              ro code   0x800'18fc    0x14  exit.o [9]
  .text              ro code   0x800'1910    0x1c  cstartup_M.o [8]
  .rodata            const     0x800'192c    0x14  main.o [5]
  .rodata            const     0x800'1940    0x10  main.o [5]
  .text              ro code   0x800'1950    0x10  startup_stm32f40_41xxx.o [2]
  .rodata            const     0x800'1960     0xc  main.o [5]
  .rodata            const     0x800'196c     0xc  main.o [5]
  .rodata            const     0x800'1978     0xc  main.o [5]
  .rodata            const     0x800'1984     0x8  main.o [5]
  .rodata            const     0x800'198c     0x8  main.o [5]
  .rodata            const     0x800'1994     0x8  main.o [5]
  .rodata            const     0x800'199c     0x8  main.o [5]
  .text              ro code   0x800'19a4     0x4  startup_stm32f40_41xxx.o [2]
  .text              ro code   0x800'19a8     0x4  startup_stm32f40_41xxx.o [2]
  .text              ro code   0x800'19ac     0x4  startup_stm32f40_41xxx.o [2]
  .text              ro code   0x800'19b0     0x4  startup_stm32f40_41xxx.o [2]
  .text              ro code   0x800'19b4     0x4  startup_stm32f40_41xxx.o [2]
  .text              ro code   0x800'19b8     0x4  startup_stm32f40_41xxx.o [2]
  .text              ro code   0x800'19bc     0x4  startup_stm32f40_41xxx.o [2]
  .text              ro code   0x800'19c0     0x4  startup_stm32f40_41xxx.o [2]
  .text              ro code   0x800'19c4     0x4  startup_stm32f40_41xxx.o [2]
  .text              ro code   0x800'19c8     0x4  startup_stm32f40_41xxx.o [2]
  .text              ro code   0x800'19cc     0x4  startup_stm32f40_41xxx.o [2]
  .text              ro code   0x800'19d0     0x4  startup_stm32f40_41xxx.o [2]
  .text              ro code   0x800'19d4     0x4  startup_stm32f40_41xxx.o [2]
  .text              ro code   0x800'19d8     0x4  startup_stm32f40_41xxx.o [2]
  .text              ro code   0x800'19dc     0x4  startup_stm32f40_41xxx.o [2]
  .text              ro code   0x800'19e0     0x4  startup_stm32f40_41xxx.o [2]
  .text              ro code   0x800'19e4     0x4  startup_stm32f40_41xxx.o [2]
  .text              ro code   0x800'19e8     0x4  startup_stm32f40_41xxx.o [2]
  .text              ro code   0x800'19ec     0x4  startup_stm32f40_41xxx.o [2]
  .text              ro code   0x800'19f0     0x4  startup_stm32f40_41xxx.o [2]
  .text              ro code   0x800'19f4     0x4  startup_stm32f40_41xxx.o [2]
  .text              ro code   0x800'19f8     0x4  startup_stm32f40_41xxx.o [2]
  .text              ro code   0x800'19fc     0x4  startup_stm32f40_41xxx.o [2]
  .text              ro code   0x800'1a00     0x4  startup_stm32f40_41xxx.o [2]
  .text              ro code   0x800'1a04     0x4  startup_stm32f40_41xxx.o [2]
  .text              ro code   0x800'1a08     0x4  startup_stm32f40_41xxx.o [2]
  .text              ro code   0x800'1a0c     0x4  startup_stm32f40_41xxx.o [2]
  .text              ro code   0x800'1a10     0x4  startup_stm32f40_41xxx.o [2]
  .text              ro code   0x800'1a14     0x4  startup_stm32f40_41xxx.o [2]
  .text              ro code   0x800'1a18     0x4  startup_stm32f40_41xxx.o [2]
  .text              ro code   0x800'1a1c     0x4  startup_stm32f40_41xxx.o [2]
  .text              ro code   0x800'1a20     0x4  startup_stm32f40_41xxx.o [2]
  .text              ro code   0x800'1a24     0x4  startup_stm32f40_41xxx.o [2]
  .text              ro code   0x800'1a28     0x4  startup_stm32f40_41xxx.o [2]
  .text              ro code   0x800'1a2c     0x4  startup_stm32f40_41xxx.o [2]
  .text              ro code   0x800'1a30     0x4  startup_stm32f40_41xxx.o [2]
  .text              ro code   0x800'1a34     0x4  startup_stm32f40_41xxx.o [2]
  .text              ro code   0x800'1a38     0x4  startup_stm32f40_41xxx.o [2]
  .text              ro code   0x800'1a3c     0x4  startup_stm32f40_41xxx.o [2]
  .text              ro code   0x800'1a40     0x4  startup_stm32f40_41xxx.o [2]
  .text              ro code   0x800'1a44     0x4  startup_stm32f40_41xxx.o [2]
  .text              ro code   0x800'1a48     0x4  startup_stm32f40_41xxx.o [2]
  .text              ro code   0x800'1a4c     0x4  startup_stm32f40_41xxx.o [2]
  .text              ro code   0x800'1a50     0x4  startup_stm32f40_41xxx.o [2]
  .text              ro code   0x800'1a54     0x4  startup_stm32f40_41xxx.o [2]
  .text              ro code   0x800'1a58     0x4  startup_stm32f40_41xxx.o [2]
  .text              ro code   0x800'1a5c     0x4  startup_stm32f40_41xxx.o [2]
  .text              ro code   0x800'1a60     0x4  startup_stm32f40_41xxx.o [2]
  .text              ro code   0x800'1a64     0x4  startup_stm32f40_41xxx.o [2]
  .text              ro code   0x800'1a68     0x4  startup_stm32f40_41xxx.o [2]
  .text              ro code   0x800'1a6c     0x4  startup_stm32f40_41xxx.o [2]
  .text              ro code   0x800'1a70     0x4  startup_stm32f40_41xxx.o [2]
  .text              ro code   0x800'1a74     0x4  startup_stm32f40_41xxx.o [2]
  .text              ro code   0x800'1a78     0x4  startup_stm32f40_41xxx.o [2]
  .text              ro code   0x800'1a7c     0x4  startup_stm32f40_41xxx.o [2]
  .text              ro code   0x800'1a80     0x4  startup_stm32f40_41xxx.o [2]
  .text              ro code   0x800'1a84     0x4  startup_stm32f40_41xxx.o [2]
  .text              ro code   0x800'1a88     0x4  startup_stm32f40_41xxx.o [2]
  .text              ro code   0x800'1a8c     0x4  startup_stm32f40_41xxx.o [2]
  .text              ro code   0x800'1a90     0x4  startup_stm32f40_41xxx.o [2]
  .text              ro code   0x800'1a94     0x4  startup_stm32f40_41xxx.o [2]
  .text              ro code   0x800'1a98     0x4  startup_stm32f40_41xxx.o [2]
  .text              ro code   0x800'1a9c     0x4  startup_stm32f40_41xxx.o [2]
  .text              ro code   0x800'1aa0     0x4  startup_stm32f40_41xxx.o [2]
  .text              ro code   0x800'1aa4     0x4  startup_stm32f40_41xxx.o [2]
  .text              ro code   0x800'1aa8     0x4  startup_stm32f40_41xxx.o [2]
  .text              ro code   0x800'1aac     0x4  startup_stm32f40_41xxx.o [2]
  .text              ro code   0x800'1ab0     0x4  startup_stm32f40_41xxx.o [2]
  .text              ro code   0x800'1ab4     0x4  startup_stm32f40_41xxx.o [2]
  .text              ro code   0x800'1ab8     0x4  startup_stm32f40_41xxx.o [2]
  .text              ro code   0x800'1abc     0x4  startup_stm32f40_41xxx.o [2]
  .text              ro code   0x800'1ac0     0x4  startup_stm32f40_41xxx.o [2]
  .text              ro code   0x800'1ac4     0x4  startup_stm32f40_41xxx.o [2]
  .text              ro code   0x800'1ac8     0x4  startup_stm32f40_41xxx.o [2]
  .text              ro code   0x800'1acc     0x4  startup_stm32f40_41xxx.o [2]
  .text              ro code   0x800'1ad0     0x4  startup_stm32f40_41xxx.o [2]
  .text              ro code   0x800'1ad4     0x4  startup_stm32f40_41xxx.o [2]
  .text              ro code   0x800'1ad8     0x4  startup_stm32f40_41xxx.o [2]
  .text              ro code   0x800'1adc     0x4  startup_stm32f40_41xxx.o [2]
  .text              ro code   0x800'1ae0     0x4  startup_stm32f40_41xxx.o [2]
  .text              ro code   0x800'1ae4     0x4  startup_stm32f40_41xxx.o [2]
  .text              ro code   0x800'1ae8     0x4  startup_stm32f40_41xxx.o [2]
  .text              ro code   0x800'1aec     0x4  startup_stm32f40_41xxx.o [2]
  .text              ro code   0x800'1af0     0x4  startup_stm32f40_41xxx.o [2]
  .text              ro code   0x800'1af4     0x4  startup_stm32f40_41xxx.o [2]
  .text              ro code   0x800'1af8     0x4  startup_stm32f40_41xxx.o [2]
  .text              ro code   0x800'1afc     0x4  startup_stm32f40_41xxx.o [2]
  .text              ro code   0x800'1b00     0x4  startup_stm32f40_41xxx.o [2]
  .text              ro code   0x800'1b04     0x4  startup_stm32f40_41xxx.o [2]
  .text              ro code   0x800'1b08     0x4  startup_stm32f40_41xxx.o [2]
  .text              ro code   0x800'1b0c     0x4  startup_stm32f40_41xxx.o [2]
  .rodata            const     0x800'1b10     0x0  packbits_init_single.o [8]
  Initializer bytes  const     0x800'1b10     0xc  <for P2-1>
                             - 0x800'1b1c  0x1994

"P2", part 1 of 2:                           0x22
  P2-1                        0x2000'0000    0x22  <Init block>
    .data            inited   0x2000'0000     0xc  Gulim7_6x10_ASCII.o [3]
    .bss             inited   0x2000'000c     0x4  GLCD.o [3]
    .bss             inited   0x2000'0010     0x4  GLCD.o [3]
    .bss             inited   0x2000'0014     0x4  GLCD.o [3]
    .bss             inited   0x2000'0018     0x4  GLCD.o [3]
    .bss             inited   0x2000'001c     0x4  GLCD.o [3]
    .bss             inited   0x2000'0020     0x1  main.o [5]
    .bss             inited   0x2000'0021     0x1  main.o [5]
                            - 0x2000'0022    0x22

"P2", part 2 of 2:                          0x400
  CSTACK                      0x2000'0028   0x400  <Block>
    CSTACK           uninit   0x2000'0028   0x400  <Block tail>
                            - 0x2000'0428   0x400

Unused ranges:

         From           To       Size
         ----           --       ----
   0x800'1b1c   0x81f'ffff  0x1f'e4e4
  0x2000'0022  0x2000'0027        0x6
  0x2000'0428  0x2002'ffff   0x2'fbd8


*******************************************************************************
*** INIT TABLE
***

          Address      Size
          -------      ----
Copy/packbits (__iar_packbits_init_single3)
    1 source range, total size 0xc (35% of destination):
           0x800'1b10   0xc
    1 destination range, total size 0x22:
          0x2000'0000  0x22



*******************************************************************************
*** MODULE SUMMARY
***

    Module                    ro code  ro data  rw data
    ------                    -------  -------  -------
command line/config:
    ---------------------------------------------------
    Total:

C:\Users\jongh\Documents\repo\iar_workspace\Debug\Obj\CMSIS: [1]
    system_stm32f4xx.o            292
    ---------------------------------------------------
    Total:                        292

C:\Users\jongh\Documents\repo\iar_workspace\Debug\Obj\EWARM: [2]
    startup_stm32f40_41xxx.o      772
    ---------------------------------------------------
    Total:                        772

C:\Users\jongh\Documents\repo\iar_workspace\Debug\Obj\GUI: [3]
    GLCD.o                        630        7       20
    Gulim7_6x10_ASCII.o                  1'284       12
    ILI9163B.o                  1'152
    ---------------------------------------------------
    Total:                      1'782    1'291       32

C:\Users\jongh\Documents\repo\iar_workspace\Debug\Obj\STM32F4xx_StdPeriph_Driver: [4]
    stm32f4xx_fsmc.o              324
    stm32f4xx_gpio.o              224
    stm32f4xx_rcc.o                64
    ---------------------------------------------------
    Total:                        612

C:\Users\jongh\Documents\repo\iar_workspace\Debug\Obj\User: [5]
    Util.o                         60
    main.o                      1'776      105        2
    ---------------------------------------------------
    Total:                      1'836      105        2

dl7M_tln.a: [6]
    exit.o                          4
    low_level_init.o                4
    ---------------------------------------------------
    Total:                          8

m7M_tls.a: [7]
    fpinit_M.o                     34
    ---------------------------------------------------
    Total:                         34

rt7M_tl.a: [8]
    cexit.o                        10
    cmain.o                        30
    cstartup_M.o                   28
    data_init.o                    40
    packbits_init_single.o         58
    ---------------------------------------------------
    Total:                        166

shb_l.a: [9]
    exit.o                         20
    ---------------------------------------------------
    Total:                         20

    Gaps                            4        2
    Linker created                          16    1'024
-------------------------------------------------------
    Grand Total:                5'526    1'414    1'058


*******************************************************************************
*** ENTRY LIST
***

Entry                       Address   Size  Type      Object
-----                       -------   ----  ----      ------
.iar.init_table$$Base    0x800'18b8          --   Gb  - Linker created -
.iar.init_table$$Limit   0x800'18c8          --   Gb  - Linker created -
?main                    0x800'18c9         Code  Gb  cmain.o [8]
ADC_IRQHandler           0x800'1a11         Code  Wk  startup_stm32f40_41xxx.o [2]
BEEP                     0x800'07ad   0x1c  Code  Gb  main.o [5]
BusFault_Handler         0x800'19b1         Code  Wk  startup_stm32f40_41xxx.o [2]
CAN1_RX0_IRQHandler      0x800'1a19         Code  Wk  startup_stm32f40_41xxx.o [2]
CAN1_RX1_IRQHandler      0x800'1a1d         Code  Wk  startup_stm32f40_41xxx.o [2]
CAN1_SCE_IRQHandler      0x800'1a21         Code  Wk  startup_stm32f40_41xxx.o [2]
CAN1_TX_IRQHandler       0x800'1a15         Code  Wk  startup_stm32f40_41xxx.o [2]
CAN2_RX0_IRQHandler      0x800'1ac9         Code  Wk  startup_stm32f40_41xxx.o [2]
CAN2_RX1_IRQHandler      0x800'1acd         Code  Wk  startup_stm32f40_41xxx.o [2]
CAN2_SCE_IRQHandler      0x800'1ad1         Code  Wk  startup_stm32f40_41xxx.o [2]
CAN2_TX_IRQHandler       0x800'1ac5         Code  Wk  startup_stm32f40_41xxx.o [2]
CRYP_IRQHandler          0x800'1b05         Code  Wk  startup_stm32f40_41xxx.o [2]
CSTACK$$Base            0x2000'0028          --   Gb  - Linker created -
CSTACK$$Limit           0x2000'0428          --   Gb  - Linker created -
DCMI_IRQHandler          0x800'1b01         Code  Wk  startup_stm32f40_41xxx.o [2]
DMA1_Stream0_IRQHandler
                         0x800'19f5         Code  Wk  startup_stm32f40_41xxx.o [2]
DMA1_Stream1_IRQHandler
                         0x800'19f9         Code  Wk  startup_stm32f40_41xxx.o [2]
DMA1_Stream2_IRQHandler
                         0x800'19fd         Code  Wk  startup_stm32f40_41xxx.o [2]
DMA1_Stream3_IRQHandler
                         0x800'1a01         Code  Wk  startup_stm32f40_41xxx.o [2]
DMA1_Stream4_IRQHandler
                         0x800'1a05         Code  Wk  startup_stm32f40_41xxx.o [2]
DMA1_Stream5_IRQHandler
                         0x800'1a09         Code  Wk  startup_stm32f40_41xxx.o [2]
DMA1_Stream6_IRQHandler
                         0x800'1a0d         Code  Wk  startup_stm32f40_41xxx.o [2]
DMA1_Stream7_IRQHandler
                         0x800'1a85         Code  Wk  startup_stm32f40_41xxx.o [2]
DMA2_Stream0_IRQHandler
                         0x800'1aa9         Code  Wk  startup_stm32f40_41xxx.o [2]
DMA2_Stream1_IRQHandler
                         0x800'1aad         Code  Wk  startup_stm32f40_41xxx.o [2]
DMA2_Stream2_IRQHandler
                         0x800'1ab1         Code  Wk  startup_stm32f40_41xxx.o [2]
DMA2_Stream3_IRQHandler
                         0x800'1ab5         Code  Wk  startup_stm32f40_41xxx.o [2]
DMA2_Stream4_IRQHandler
                         0x800'1ab9         Code  Wk  startup_stm32f40_41xxx.o [2]
DMA2_Stream5_IRQHandler
                         0x800'1ad9         Code  Wk  startup_stm32f40_41xxx.o [2]
DMA2_Stream6_IRQHandler
                         0x800'1add         Code  Wk  startup_stm32f40_41xxx.o [2]
DMA2_Stream7_IRQHandler
                         0x800'1ae1         Code  Wk  startup_stm32f40_41xxx.o [2]
DebugMon_Handler         0x800'19bd         Code  Wk  startup_stm32f40_41xxx.o [2]
DelayMS                  0x800'083d   0x20  Code  Gb  main.o [5]
DelayUS                  0x800'085d   0x1c  Code  Gb  main.o [5]
DisplayInitScreen        0x800'0657   0xb6  Code  Gb  main.o [5]
ETH_IRQHandler           0x800'1abd         Code  Wk  startup_stm32f40_41xxx.o [2]
ETH_WKUP_IRQHandler      0x800'1ac1         Code  Wk  startup_stm32f40_41xxx.o [2]
EXTI0_IRQHandler         0x800'19e1         Code  Wk  startup_stm32f40_41xxx.o [2]
EXTI15_10_IRQHandler     0x800'1a69         Code  Wk  startup_stm32f40_41xxx.o [2]
EXTI1_IRQHandler         0x800'19e5         Code  Wk  startup_stm32f40_41xxx.o [2]
EXTI2_IRQHandler         0x800'19e9         Code  Wk  startup_stm32f40_41xxx.o [2]
EXTI3_IRQHandler         0x800'19ed         Code  Wk  startup_stm32f40_41xxx.o [2]
EXTI4_IRQHandler         0x800'19f1         Code  Wk  startup_stm32f40_41xxx.o [2]
EXTI9_5_IRQHandler       0x800'1a25         Code  Wk  startup_stm32f40_41xxx.o [2]
FLASH_IRQHandler         0x800'19d9         Code  Wk  startup_stm32f40_41xxx.o [2]
FPU_IRQHandler           0x800'1b0d         Code  Wk  startup_stm32f40_41xxx.o [2]
FSMC_GPIO_Config         0x800'0b6d  0x112  Code  Gb  ILI9163B.o [3]
FSMC_IRQHandler          0x800'1a89         Code  Wk  startup_stm32f40_41xxx.o [2]
FSMC_LCD_Init            0x800'0c7f   0x7a  Code  Gb  ILI9163B.o [3]
FSMC_NORSRAMCmd          0x800'11cf   0x2c  Code  Gb  stm32f4xx_fsmc.o [4]
FSMC_NORSRAMInit         0x800'10c9  0x106  Code  Gb  stm32f4xx_fsmc.o [4]
GPIO_Init                0x800'0fe9   0x90  Code  Gb  stm32f4xx_gpio.o [4]
GPIO_PinAFConfig         0x800'1079   0x50  Code  Gb  stm32f4xx_gpio.o [4]
Gulim7                  0x2000'0000    0xc  Data  Gb  Gulim7_6x10_ASCII.o [3]
Gulim7_6x10              0x800'1248  0x500  Data  Gb  Gulim7_6x10_ASCII.o [3]
HASH_RNG_IRQHandler      0x800'1b09         Code  Wk  startup_stm32f40_41xxx.o [2]
HardFault_Handler        0x800'19a9         Code  Wk  startup_stm32f40_41xxx.o [2]
I2C1_ER_IRQHandler       0x800'1a49         Code  Wk  startup_stm32f40_41xxx.o [2]
I2C1_EV_IRQHandler       0x800'1a45         Code  Wk  startup_stm32f40_41xxx.o [2]
I2C2_ER_IRQHandler       0x800'1a51         Code  Wk  startup_stm32f40_41xxx.o [2]
I2C2_EV_IRQHandler       0x800'1a4d         Code  Wk  startup_stm32f40_41xxx.o [2]
I2C3_ER_IRQHandler       0x800'1aed         Code  Wk  startup_stm32f40_41xxx.o [2]
I2C3_EV_IRQHandler       0x800'1ae9         Code  Wk  startup_stm32f40_41xxx.o [2]
ILI_Clear                0x800'0f75   0x34  Code  Gb  ILI9163B.o [3]
ILI_Init                 0x800'0cf9  0x1d2  Code  Gb  ILI9163B.o [3]
ILI_SetDirection         0x800'0f49   0x2c  Code  Gb  ILI9163B.o [3]
ILI_SetWindow            0x800'0ee5   0x64  Code  Gb  ILI9163B.o [3]
ILI_WRITE_END            0x800'0b63    0xa  Code  Gb  ILI9163B.o [3]
ILI_WRITE_RGB            0x800'0b41   0x22  Code  Gb  ILI9163B.o [3]
ILI_WRITE_START          0x800'0b37    0xa  Code  Gb  ILI9163B.o [3]
ILI_WriteCmd             0x800'0b29    0x8  Code  Lc  ILI9163B.o [3]
ILI_WriteData            0x800'0b31    0x6  Code  Lc  ILI9163B.o [3]
JOY_Scan                 0x800'070d   0x50  Code  Gb  main.o [5]
KEY_Scan                 0x800'075d   0x50  Code  Gb  main.o [5]
LCD_BkColor             0x2000'0010    0x4  Data  Gb  GLCD.o [3]
LCD_BrushColor          0x2000'0014    0x4  Data  Gb  GLCD.o [3]
LCD_Clear                0x800'0a75    0x8  Code  Gb  GLCD.o [3]
LCD_DisplayChar          0x800'0a95   0x2e  Code  Gb  GLCD.o [3]
LCD_DisplayText          0x800'0ac3   0x2c  Code  Gb  GLCD.o [3]
LCD_DrawChar             0x800'08e3   0xaa  Code  Gb  GLCD.o [3]
LCD_DrawFillRect         0x800'0a35   0x40  Code  Gb  GLCD.o [3]
LCD_DrawHorLine          0x800'09c3   0x3a  Code  Gb  GLCD.o [3]
LCD_DrawText             0x800'098d   0x36  Code  Gb  GLCD.o [3]
LCD_DrawVerLine          0x800'09fd   0x38  Code  Gb  GLCD.o [3]
LCD_GetFont              0x800'08a1    0x8  Code  Gb  GLCD.o [3]
LCD_Init                 0x800'08a9   0x3a  Code  Gb  GLCD.o [3]
LCD_PenColor            0x2000'001c    0x4  Data  Gb  GLCD.o [3]
LCD_SetBackColor         0x800'0879    0x8  Code  Gb  GLCD.o [3]
LCD_SetBrushColor        0x800'0891    0x8  Code  Gb  GLCD.o [3]
LCD_SetFont              0x800'0899    0x8  Code  Gb  GLCD.o [3]
LCD_SetPenColor          0x800'0889    0x8  Code  Gb  GLCD.o [3]
LCD_SetTextColor         0x800'0881    0x8  Code  Gb  GLCD.o [3]
LCD_TextColor           0x2000'0018    0x4  Data  Gb  GLCD.o [3]
LCD_pFont               0x2000'000c    0x4  Data  Gb  GLCD.o [3]
MemManage_Handler        0x800'19ad         Code  Wk  startup_stm32f40_41xxx.o [2]
NMI_Handler              0x800'19a5         Code  Wk  startup_stm32f40_41xxx.o [2]
OTG_FS_IRQHandler        0x800'1ad5         Code  Wk  startup_stm32f40_41xxx.o [2]
OTG_FS_WKUP_IRQHandler   0x800'1a71         Code  Wk  startup_stm32f40_41xxx.o [2]
OTG_HS_EP1_IN_IRQHandler
                         0x800'1af5         Code  Wk  startup_stm32f40_41xxx.o [2]
OTG_HS_EP1_OUT_IRQHandler
                         0x800'1af1         Code  Wk  startup_stm32f40_41xxx.o [2]
OTG_HS_IRQHandler        0x800'1afd         Code  Wk  startup_stm32f40_41xxx.o [2]
OTG_HS_WKUP_IRQHandler   0x800'1af9         Code  Wk  startup_stm32f40_41xxx.o [2]
PVD_IRQHandler           0x800'19cd         Code  Wk  startup_stm32f40_41xxx.o [2]
PendSV_Handler           0x800'19c1         Code  Wk  startup_stm32f40_41xxx.o [2]
RCC_AHB1PeriphClockCmd   0x800'0fa9   0x1c  Code  Gb  stm32f4xx_rcc.o [4]
RCC_AHB3PeriphClockCmd   0x800'0fc5   0x1c  Code  Gb  stm32f4xx_rcc.o [4]
RCC_IRQHandler           0x800'19dd         Code  Wk  startup_stm32f40_41xxx.o [2]
RTC_Alarm_IRQHandler     0x800'1a6d         Code  Wk  startup_stm32f40_41xxx.o [2]
RTC_WKUP_IRQHandler      0x800'19d5         Code  Wk  startup_stm32f40_41xxx.o [2]
Region$$Table$$Base      0x800'18b8          --   Gb  - Linker created -
Region$$Table$$Limit     0x800'18c8          --   Gb  - Linker created -
Reset_Handler            0x800'1951         Code  Wk  startup_stm32f40_41xxx.o [2]
SDIO_IRQHandler          0x800'1a8d         Code  Wk  startup_stm32f40_41xxx.o [2]
SPI1_IRQHandler          0x800'1a55         Code  Wk  startup_stm32f40_41xxx.o [2]
SPI2_IRQHandler          0x800'1a59         Code  Wk  startup_stm32f40_41xxx.o [2]
SPI3_IRQHandler          0x800'1a95         Code  Wk  startup_stm32f40_41xxx.o [2]
SVC_Handler              0x800'19b9         Code  Wk  startup_stm32f40_41xxx.o [2]
SetSysClock              0x800'178f   0xaa  Code  Lc  system_stm32f4xx.o [1]
SysTick_Handler          0x800'19c5         Code  Wk  startup_stm32f40_41xxx.o [2]
SystemInit               0x800'1749   0x46  Code  Gb  system_stm32f4xx.o [1]
TAMP_STAMP_IRQHandler    0x800'19d1         Code  Wk  startup_stm32f40_41xxx.o [2]
TIM1_BRK_TIM9_IRQHandler
                         0x800'1a29         Code  Wk  startup_stm32f40_41xxx.o [2]
TIM1_CC_IRQHandler       0x800'1a35         Code  Wk  startup_stm32f40_41xxx.o [2]
TIM1_TRG_COM_TIM11_IRQHandler
                         0x800'1a31         Code  Wk  startup_stm32f40_41xxx.o [2]
TIM1_UP_TIM10_IRQHandler
                         0x800'1a2d         Code  Wk  startup_stm32f40_41xxx.o [2]
TIM2_IRQHandler          0x800'1a39         Code  Wk  startup_stm32f40_41xxx.o [2]
TIM3_IRQHandler          0x800'1a3d         Code  Wk  startup_stm32f40_41xxx.o [2]
TIM4_IRQHandler          0x800'1a41         Code  Wk  startup_stm32f40_41xxx.o [2]
TIM5_IRQHandler          0x800'1a91         Code  Wk  startup_stm32f40_41xxx.o [2]
TIM6_DAC_IRQHandler      0x800'1aa1         Code  Wk  startup_stm32f40_41xxx.o [2]
TIM7_IRQHandler          0x800'1aa5         Code  Wk  startup_stm32f40_41xxx.o [2]
TIM8_BRK_TIM12_IRQHandler
                         0x800'1a75         Code  Wk  startup_stm32f40_41xxx.o [2]
TIM8_CC_IRQHandler       0x800'1a81         Code  Wk  startup_stm32f40_41xxx.o [2]
TIM8_TRG_COM_TIM14_IRQHandler
                         0x800'1a7d         Code  Wk  startup_stm32f40_41xxx.o [2]
TIM8_UP_TIM13_IRQHandler
                         0x800'1a79         Code  Wk  startup_stm32f40_41xxx.o [2]
UART4_IRQHandler         0x800'1a99         Code  Wk  startup_stm32f40_41xxx.o [2]
UART5_IRQHandler         0x800'1a9d         Code  Wk  startup_stm32f40_41xxx.o [2]
USART1_IRQHandler        0x800'1a5d         Code  Wk  startup_stm32f40_41xxx.o [2]
USART2_IRQHandler        0x800'1a61         Code  Wk  startup_stm32f40_41xxx.o [2]
USART3_IRQHandler        0x800'1a65         Code  Wk  startup_stm32f40_41xxx.o [2]
USART6_IRQHandler        0x800'1ae5         Code  Wk  startup_stm32f40_41xxx.o [2]
UTIL_DelayMS             0x800'120d   0x20  Code  Gb  Util.o [5]
UTIL_DelayUS             0x800'122d   0x1c  Code  Gb  Util.o [5]
UsageFault_Handler       0x800'19b5         Code  Wk  startup_stm32f40_41xxx.o [2]
WWDG_IRQHandler          0x800'19c9         Code  Wk  startup_stm32f40_41xxx.o [2]
_GPIO_Init               0x800'05d5   0x82  Code  Gb  main.o [5]
__cmain                  0x800'18c9         Code  Gb  cmain.o [8]
__exit                   0x800'18fd   0x14  Code  Gb  exit.o [9]
__iar_data_init3         0x800'186d   0x28  Code  Gb  data_init.o [8]
__iar_init_vfp           0x800'1895         Code  Gb  fpinit_M.o [7]
__iar_packbits_init_single3
                         0x800'0aef   0x3a  Code  Gb  packbits_init_single.o [8]
__iar_program_start      0x800'1911         Code  Gb  cstartup_M.o [8]
__low_level_init         0x800'18e7    0x4  Code  Gb  low_level_init.o [6]
__vector_table           0x800'0000         Data  Gb  startup_stm32f40_41xxx.o [2]
_call_main               0x800'18d5         Code  Gb  cmain.o [8]
_exit                    0x800'18f1         Code  Gb  cexit.o [8]
exit                     0x800'18eb    0x4  Code  Gb  exit.o [6]
joy_flag                0x2000'0020    0x1  Data  Gb  main.o [5]
key_flag                0x2000'0021    0x1  Data  Gb  main.o [5]
main                     0x800'0189  0x44c  Code  Gb  main.o [5]


[1] = C:\Users\jongh\Documents\repo\iar_workspace\Debug\Obj\CMSIS
[2] = C:\Users\jongh\Documents\repo\iar_workspace\Debug\Obj\EWARM
[3] = C:\Users\jongh\Documents\repo\iar_workspace\Debug\Obj\GUI
[4] = C:\Users\jongh\Documents\repo\iar_workspace\Debug\Obj\STM32F4xx_StdPeriph_Driver
[5] = C:\Users\jongh\Documents\repo\iar_workspace\Debug\Obj\User
[6] = dl7M_tln.a
[7] = m7M_tls.a
[8] = rt7M_tl.a
[9] = shb_l.a

  5'526 bytes of readonly  code memory
  1'414 bytes of readonly  data memory
  1'058 bytes of readwrite data memory

Errors: none
Warnings: none
